// Vitest Snapshot v1, https://vitest.dev/guide/snapshot.html

exports[`Goal Engine Validation Harness > Profile: Elena > Golden Snapshot: Projection matches previous validated state 1`] = `
"
--- REPORT VALIDAZIONE NUMA: ELENA ---
Profilo: Freelance con alta variabilità

Ciao Elena, ho analizzato il tuo percorso:
- Per il tuo obiettivo "Nuovo Mac", con il ritmo attuale, la finestra stimata è giugno 2026.

Completando tutto, raggiungerai la tua piena tranquillità in circa 5 mesi.

Invarianti verificate: ✅
---------------------------------------------------
"
`;

exports[`Goal Engine Validation Harness > Profile: Giulia > Golden Snapshot: Projection matches previous validated state 1`] = `
"
--- REPORT VALIDAZIONE NUMA: GIULIA ---
Profilo: Capacità di risparmio nulla

Ciao Giulia, ho analizzato il tuo percorso:
- Per il tuo obiettivo "Piccolo Sogno", con il ritmo attuale, la finestra stimata è febbraio 2030.

Completando tutto, raggiungerai la tua piena tranquillità in circa 49 mesi.

Invarianti verificate: ✅
---------------------------------------------------
"
`;

exports[`Goal Engine Validation Harness > Profile: Luca & Sara > Golden Snapshot: Projection matches previous validated state 1`] = `
"
--- REPORT VALIDAZIONE NUMA: LUCA & SARA ---
Profilo: Obiettivi multipli concorrenti

Ciao Luca & Sara, ho analizzato il tuo percorso:
- Per il tuo obiettivo "Matrimonio", con il ritmo attuale, la finestra stimata è marzo 2027.
- Proseguendo così, sbloccherai "Viaggio Nozze" verso luglio 2027.

Completando tutto, raggiungerai la tua piena tranquillità in circa 18 mesi.

Invarianti verificate: ✅
---------------------------------------------------
"
`;

exports[`Goal Engine Validation Harness > Profile: Marco > Golden Snapshot: Projection matches previous validated state 1`] = `
"
--- REPORT VALIDAZIONE NUMA: MARCO ---
Profilo: Lavoratore Junior, budget stretto

Ciao Marco, ho analizzato il tuo percorso:
- Per il tuo obiettivo "Fondo Emergenza", con il ritmo attuale, la finestra stimata è giugno 2026.

Completando tutto, raggiungerai la tua piena tranquillità in circa 5 mesi.

Invarianti verificate: ✅
---------------------------------------------------
"
`;

exports[`Goal Engine Validation Harness > Profile: Paolo > Golden Snapshot: Projection matches previous validated state 1`] = `
"
--- REPORT VALIDAZIONE NUMA: PAOLO ---
Profilo: Minimalista con portafoglio lungo

Ciao Paolo, ho analizzato il tuo percorso:
- Per il tuo obiettivo "Bici", con il ritmo attuale, la finestra stimata è aprile 2026.
- Proseguendo così, sbloccherai "Corso" verso luglio 2026.
- Proseguendo così, sbloccherai "PC" verso ottobre 2026.

Completando tutto, raggiungerai la tua piena tranquillità in circa 9 mesi.

Invarianti verificate: ✅
---------------------------------------------------
"
`;

exports[`Goal Engine Validation Harness > Profile: Stefano > Golden Snapshot: Projection matches previous validated state 1`] = `
"
--- REPORT VALIDAZIONE NUMA: STEFANO ---
Profilo: Entrate alte but High Burn

Ciao Stefano, ho analizzato il tuo percorso:
- L'obiettivo "Porsche Usata" sembra al momento fuori portata con questo percorso: L'obiettivo richiede oltre 10 anni al ritmo attuale.

Invarianti verificate: ✅
---------------------------------------------------
"
`;
